// Jest Snapshot v1, https://goo.gl/fbAQLP

exports[`index export modules for react-fiber 1`] = `
{
  "PACKAGE_NAME": "@pixi/react-fiber-react-18",
  "REACT_DOM_VERSION": "18.0.0",
  "VERSION": undefined,
  "configurePixiReactFiber": [Function],
  "configurePixiReactHostConfig": [Function],
}
`;
