// Jest Snapshot v1, https://goo.gl/fbAQLP

exports[`createElement types 1`] = `
{
  "AnimatedSprite": "AnimatedSprite",
  "BitmapText": "BitmapText",
  "Container": "Container",
  "Graphics": "Graphics",
  "MeshRope": "MeshRope",
  "NineSliceSprite": "NineSliceSprite",
  "MeshSimple": "MeshSimple",
  "Sprite": "Sprite",
  "Text": "Text",
  "TilingSprite": "TilingSprite",
}
`;
