// Jest Snapshot v1, https://goo.gl/fbAQLP

exports[`index export modules for react-spring 1`] = `
{
  "AnimatedSprite": {
    "$$typeof": Symbol(react.forward_ref),
    "render": [Function],
  },
  "BitmapText": {
    "$$typeof": Symbol(react.forward_ref),
    "render": [Function],
  },
  "Container": {
    "$$typeof": Symbol(react.forward_ref),
    "render": [Function],
  },
  "Graphics": {
    "$$typeof": Symbol(react.forward_ref),
    "render": [Function],
  },
  "NineSliceSprite": {
    "$$typeof": Symbol(react.forward_ref),
    "render": [Function],
  },
  "MeshSimple": {
    "$$typeof": Symbol(react.forward_ref),
    "render": [Function],
  },
  "MeshRope": {
    "$$typeof": Symbol(react.forward_ref),
    "render": [Function],
  },
  "Sprite": {
    "$$typeof": Symbol(react.forward_ref),
    "render": [Function],
  },
  "Text": {
    "$$typeof": Symbol(react.forward_ref),
    "render": [Function],
  },
  "TilingSprite": {
    "$$typeof": Symbol(react.forward_ref),
    "render": [Function],
  },
}
`;
